******************************************************************************
             TMS320C2000 Linker PC v22.6.1                     
******************************************************************************
>> Linked Fri Jul 11 00:41:52 2025

OUTPUT FILE NAME:   <closed_loop_stepper_2.out>
ENTRY POINT SYMBOL: "_c_int00"  address: 000085b0


MEMORY CONFIGURATION

         name            origin    length      used     unused   attr    fill
----------------------  --------  ---------  --------  --------  ----  --------
PAGE 0:
  BEGIN                 00000000   00000002  00000000  00000002  RWIX
  RAMM0                 00000050   000003b0  00000068  00000348  RWIX
  RAML0_L3              00008000   00002000  00000796  0000186a  RWIX
  FPUTABLES             003fd590   000006a0  00000000  000006a0  RWIX
  IQTABLES              003fdf00   00000b50  00000000  00000b50  RWIX
  IQTABLES2             003fea50   0000008c  00000000  0000008c  RWIX
  IQTABLES3             003feadc   000000aa  00000000  000000aa  RWIX
  BOOTROM               003ff3b0   00000c10  00000000  00000c10  RWIX
  RESET                 003fffc0   00000002  00000000  00000002  RWIX

PAGE 1:
  BOOT_RSVD             00000002   0000004e  00000000  0000004e  RWIX
  RAMM1                 00000400   00000400  00000300  00000100  RWIX
  DEV_EMU               00000880   00000105  00000000  00000105  RWIX
  SYS_PWR_CTL           00000985   00000003  00000000  00000003  RWIX
  FLASH_REGS            00000a80   00000060  00000000  00000060  RWIX
  CSM                   00000ae0   00000020  00000000  00000020  RWIX
  ADC_RESULT            00000b00   00000020  00000000  00000020  RWIX
  CPU_TIMER0            00000c00   00000008  00000000  00000008  RWIX
  CPU_TIMER1            00000c08   00000008  00000000  00000008  RWIX
  CPU_TIMER2            00000c10   00000008  00000000  00000008  RWIX
  PIE_CTRL              00000ce0   00000020  00000000  00000020  RWIX
  PIE_VECT              00000d00   00000100  00000000  00000100  RWIX
  DMA                   00001000   00000200  00000000  00000200  RWIX
  CLA1                  00001400   00000080  00000000  00000080  RWIX
  USB0                  00004000   00001000  00000000  00001000  RWIX
  McBSPA                00005000   00000040  00000000  00000040  RWIX
  ECANA                 00006000   00000040  00000000  00000040  RWIX
  ECANA_LAM             00006040   00000040  00000000  00000040  RWIX
  ECANA_MOTS            00006080   00000040  00000000  00000040  RWIX
  ECANA_MOTO            000060c0   00000040  00000000  00000040  RWIX
  ECANA_MBOX            00006100   00000100  00000000  00000100  RWIX
  COMP1                 00006400   00000020  00000000  00000020  RWIX
  COMP2                 00006420   00000020  00000000  00000020  RWIX
  COMP3                 00006440   00000020  00000000  00000020  RWIX
  EPWM1                 00006800   00000040  00000000  00000040  RWIX
  EPWM2                 00006840   00000040  00000000  00000040  RWIX
  EPWM3                 00006880   00000040  00000000  00000040  RWIX
  EPWM4                 000068c0   00000040  00000000  00000040  RWIX
  EPWM5                 00006900   00000040  00000000  00000040  RWIX
  EPWM6                 00006940   00000040  00000000  00000040  RWIX
  EPWM7                 00006980   00000040  00000000  00000040  RWIX
  EPWM8                 000069c0   00000040  00000000  00000040  RWIX
  ECAP1                 00006a00   00000020  00000000  00000020  RWIX
  ECAP2                 00006a20   00000020  00000000  00000020  RWIX
  ECAP3                 00006a40   00000020  00000000  00000020  RWIX
  HRCAP1                00006ac0   00000020  00000000  00000020  RWIX
  HRCAP2                00006ae0   00000020  00000000  00000020  RWIX
  EQEP1                 00006b00   00000040  00000000  00000040  RWIX
  EQEP2                 00006b40   00000040  00000000  00000040  RWIX
  HRCAP3                00006c80   00000020  00000000  00000020  RWIX
  HRCAP4                00006ca0   00000020  00000000  00000020  RWIX
  GPIOCTRL              00006f80   00000040  00000000  00000040  RWIX
  GPIODAT               00006fc0   00000020  00000000  00000020  RWIX
  GPIOINT               00006fe0   00000020  00000000  00000020  RWIX
  SYSTEM                00007010   00000030  00000000  00000030  RWIX
  SPIA                  00007040   00000010  00000000  00000010  RWIX
  SCIA                  00007050   00000010  00000000  00000010  RWIX
  NMIINTRUPT            00007060   00000010  00000000  00000010  RWIX
  XINTRUPT              00007070   00000010  00000000  00000010  RWIX
  ADC                   00007100   00000080  00000000  00000080  RWIX
  SPIB                  00007740   00000010  00000000  00000010  RWIX
  SCIB                  00007750   00000010  00000000  00000010  RWIX
  I2CA                  00007900   00000040  00000000  00000040  RWIX
  RAML4                 0000a000   00002000  0000004c  00001fb4  RWIX
  RAML5                 0000c000   00002000  00000000  00002000  RWIX
  RAML6                 0000e000   00002000  00000000  00002000  RWIX
  RAML7                 00010000   00002000  00000000  00002000  RWIX
  RAML8                 00012000   00002000  00000000  00002000  RWIX
  USB_RAM               00040000   00000800  00000000  00000800  RWIX
  PARTID                003d7e80   00000001  00000000  00000001  RWIX
  CSM_PWL               003f7ff8   00000008  00000000  00000008  RWIX


SECTION ALLOCATION MAP

 output                                  attributes/
section   page    origin      length       input sections
--------  ----  ----------  ----------   ----------------
.cinit     0    00000050    00000068     
                  00000050    00000035     motor_variables.obj (.cinit)
                  00000085    00000019     pi_controllers.obj (.cinit)
                  0000009e    0000000e     rts2800_fpu32.lib : exit.c.obj (.cinit)
                  000000ac    00000005                       : _lock.c.obj (.cinit:__lock)
                  000000b1    00000005                       : _lock.c.obj (.cinit:__unlock)
                  000000b6    00000002     --HOLE-- [fill = 0]

.text      0    00008000    00000796     
                  00008000    00000181     pi_controllers.obj (.text)
                  00008181    000000c1     system_init.obj (.text)
                  00008242    000000b4     pwm_control.obj (.text)
                  000082f6    000000a7     current_sensing.obj (.text)
                  0000839d    00000092     transforms.obj (.text)
                  0000842f    00000088     rts2800_fpu32.lib : fs_div28.asm.obj (.text)
                  000084b7    00000083                       : fd_mpy28.asm.obj (.text)
                  0000853a    00000076     encoder_interface.obj (.text)
                  000085b0    00000056     rts2800_fpu32.lib : boot28.asm.obj (.text)
                  00008606    00000053     interrupts.obj (.text:retain)
                  00008659    00000045     utilities.obj (.text)
                  0000869e    00000029     rts2800_fpu32.lib : exit.c.obj (.text)
                  000086c7    00000024                       : cpy_tbl.c.obj (.text)
                  000086eb    0000001f     main.obj (.text)
                  0000870a    0000001f     rts2800_fpu32.lib : fd_tol28.asm.obj (.text)
                  00008729    0000001d                       : memcpy.c.obj (.text)
                  00008746    0000001c                       : fs_tofdfpu32.asm.obj (.text)
                  00008762    00000016                       : ul_tofd28.asm.obj (.text)
                  00008778    00000012                       : args_main.c.obj (.text)
                  0000878a    00000009                       : _lock.c.obj (.text)
                  00008793    00000002                       : pre_init.c.obj (.text)
                  00008795    00000001                       : startup.c.obj (.text)

.pinit     0    00000050    00000000     UNINITIALIZED

.reset     0    003fffc0    00000002     DSECT
                  003fffc0    00000002     rts2800_fpu32.lib : boot28.asm.obj (.reset)

.stack     1    00000400    00000300     UNINITIALIZED
                  00000400    00000300     --HOLE--

.ebss      1    0000a000    00000040     UNINITIALIZED
                  0000a000    0000002a     motor_variables.obj (.ebss)
                  0000a02a    0000000a     pi_controllers.obj (.ebss)
                  0000a034    00000006     rts2800_fpu32.lib : exit.c.obj (.ebss)
                  0000a03a    00000002                       : _lock.c.obj (.ebss:__lock)
                  0000a03c    00000002                       : _lock.c.obj (.ebss:__unlock)
                  0000a03e    00000002     motor_variables.obj (.ebss:_i2c_buffer)

.econst    1    0000a040    0000000c     
                  0000a040    00000004     current_sensing.obj (.econst)
                  0000a044    00000004     encoder_interface.obj (.econst)
                  0000a048    00000004     pwm_control.obj (.econst)

MODULE SUMMARY

       Module                  code   initialized data   uninitialized data
       ------                  ----   ----------------   ------------------
    .\
       main.obj                31     0                  0                 
    +--+-----------------------+------+------------------+--------------------+
       Total:                  31     0                  0                 
                                                                           
    .\src\
       pi_controllers.obj      385    25                 10                
       system_init.obj         193    0                  0                 
       pwm_control.obj         180    4                  0                 
       current_sensing.obj     167    4                  0                 
       transforms.obj          146    0                  0                 
       encoder_interface.obj   118    4                  0                 
       motor_variables.obj     0      53                 44                
       interrupts.obj          83     0                  0                 
       utilities.obj           69     0                  0                 
    +--+-----------------------+------+------------------+--------------------+
       Total:                  1341   90                 54                
                                                                           
    C:\ti\ccs1281\ccs\tools\compiler\ti-cgt-c2000_22.6.1.LTS\lib\rts2800_fpu32.lib
       fs_div28.asm.obj        136    0                  0                 
       fd_mpy28.asm.obj        131    0                  0                 
       boot28.asm.obj          86     0                  0                 
       exit.c.obj              41     14                 6                 
       cpy_tbl.c.obj           36     0                  0                 
       fd_tol28.asm.obj        31     0                  0                 
       memcpy.c.obj            29     0                  0                 
       fs_tofdfpu32.asm.obj    28     0                  0                 
       _lock.c.obj             9      10                 4                 
       ul_tofd28.asm.obj       22     0                  0                 
       args_main.c.obj         18     0                  0                 
       pre_init.c.obj          2      0                  0                 
       startup.c.obj           1      0                  0                 
    +--+-----------------------+------+------------------+--------------------+
       Total:                  570    24                 10                
                                                                           
       Stack:                  0      0                  768               
    +--+-----------------------+------+------------------+--------------------+
       Grand Total:            1942   114                832               


GLOBAL DATA SYMBOLS: SORTED BY DATA PAGE

address     data page           name
--------    ----------------    ----
00000400      10 (00000400)     __stack

0000a000     280 (0000a000)     _led_state
0000a001     280 (0000a000)     _control_mode
0000a002     280 (0000a000)     _Id_ref
0000a004     280 (0000a000)     _Iq_ref
0000a006     280 (0000a000)     _speed_ref
0000a008     280 (0000a000)     _pos_ref
0000a00a     280 (0000a000)     _torque_ref
0000a00c     280 (0000a000)     _theta_e
0000a00e     280 (0000a000)     _pos
0000a010     280 (0000a000)     _speed
0000a012     280 (0000a000)     _Ia
0000a014     280 (0000a000)     _Ib
0000a016     280 (0000a000)     _Ialpha
0000a018     280 (0000a000)     _Ibeta
0000a01a     280 (0000a000)     _Id
0000a01c     280 (0000a000)     _Iq
0000a01e     280 (0000a000)     _Vd
0000a020     280 (0000a000)     _Vq
0000a022     280 (0000a000)     _Valpha
0000a024     280 (0000a000)     _Vbeta
0000a026     280 (0000a000)     _encoder_pos
0000a028     280 (0000a000)     _loop_count
0000a034     280 (0000a000)     ___TI_enable_exit_profile_output
0000a036     280 (0000a000)     ___TI_cleanup_ptr
0000a038     280 (0000a000)     ___TI_dtors_ptr
0000a03a     280 (0000a000)     __lock
0000a03c     280 (0000a000)     __unlock
0000a03e     280 (0000a000)     _i2c_buffer


GLOBAL SYMBOLS: SORTED ALPHABETICALLY BY Name 

page  address   name                            
----  -------   ----                            
0     00008000  .text                           
0     0000869e  C$$EXIT                         
0     000084b7  FD$$MPY                         
0     0000870a  FD$$TOL                         
0     0000842f  FS$$DIV                         
0     00008746  FS$$TOFD                        
0     00008762  UL$$TOFD                        
n/a   UNDEFED   _ConfigCpuTimer                 
n/a   UNDEFED   _CpuTimer0                      
n/a   UNDEFED   _CpuTimer0Regs                  
n/a   UNDEFED   _EPwm1Regs                      
n/a   UNDEFED   _EPwm2Regs                      
n/a   UNDEFED   _EQep1Regs                      
n/a   UNDEFED   _GpioCtrlRegs                   
n/a   UNDEFED   _GpioDataRegs                   
n/a   UNDEFED   _I2caRegs                       
1     0000a012  _Ia                             
1     0000a016  _Ialpha                         
1     0000a014  _Ib                             
1     0000a018  _Ibeta                          
1     0000a01a  _Id                             
1     0000a002  _Id_ref                         
n/a   UNDEFED   _InitCpuTimers                  
n/a   UNDEFED   _InitEPwm1Gpio                  
n/a   UNDEFED   _InitEPwm2Gpio                  
n/a   UNDEFED   _InitEQep1Gpio                  
n/a   UNDEFED   _InitPieCtrl                    
n/a   UNDEFED   _InitPieVectTable               
n/a   UNDEFED   _InitSysCtrl                    
1     0000a01c  _Iq                             
1     0000a004  _Iq_ref                         
n/a   UNDEFED   _PieCtrlRegs                    
n/a   UNDEFED   _PieVectTable                   
n/a   UNDEFED   _SysCtrlRegs                    
1     0000a022  _Valpha                         
1     0000a024  _Vbeta                          
1     0000a01e  _Vd                             
1     0000a020  _Vq                             
n/a   UNDEFED   __IQ24cos                       
n/a   UNDEFED   __IQ24sin                       
n/a   UNDEFED   __IQ24toF                       
0     00008687  __IQsgn                         
1     00000700  __STACK_END                     
abs   00000300  __STACK_SIZE                    
1     0000a036  ___TI_cleanup_ptr               
1     0000a038  ___TI_dtors_ptr                 
1     0000a034  ___TI_enable_exit_profile_output
abs   ffffffff  ___TI_pprof_out_hndl            
abs   ffffffff  ___TI_prof_data_size            
abs   ffffffff  ___TI_prof_data_start           
abs   ffffffff  ___binit__                      
abs   ffffffff  ___c_args__                     
0     00000050  ___cinit__                      
0     00008796  ___etext__                      
abs   ffffffff  ___pinit__                      
0     00008000  ___text__                       
0     00008778  __args_main                     
1     0000a03a  __lock                          
0     00008792  __nop                           
0     0000878e  __register_lock                 
0     0000878a  __register_unlock               
1     00000400  __stack                         
0     00008795  __system_post_cinit             
0     00008793  __system_pre_init               
1     0000a03c  __unlock                        
0     0000869e  _abort                          
0     000085b0  _c_int00                        
0     0000839d  _clarke_transform               
1     0000a001  _control_mode                   
0     000086c7  _copy_in                        
1     0000a026  _encoder_pos                    
0     000086a0  _exit                           
1     0000a03e  _i2c_buffer                     
0     000081e5  _init_eqep                      
0     000081a8  _init_i2c                       
0     000081cd  _init_ina3221                   
0     000081fc  _init_pwm                       
0     00008181  _init_system                    
0     000083f9  _inv_park_transform             
n/a   UNDEFED   _last_pos                       
1     0000a000  _led_state                      
1     0000a028  _loop_count                     
0     000086eb  _main                           
0     00008729  _memcpy                         
0     000083c0  _park_transform                 
0     00008000  _pi_current_control             
0     00008082  _pi_position_control            
0     000080d4  _pi_speed_control               
0     00008126  _pi_torque_control              
1     0000a00e  _pos                            
1     0000a008  _pos_ref                        
0     000082f6  _read_currents                  
0     0000853a  _read_encoder                   
1     0000a010  _speed                          
1     0000a006  _speed_ref                      
0     00008242  _svgen_pwm                      
1     0000a00c  _theta_e                        
0     00008606  _timer0_isr                     
0     00008659  _toggle_led                     
1     0000a00a  _torque_ref                     
abs   ffffffff  binit                           
0     00000050  cinit                           
0     00008796  etext                           
abs   ffffffff  pinit                           


GLOBAL SYMBOLS: SORTED BY Symbol Address 

page  address   name                            
----  -------   ----                            
0     00000050  ___cinit__                      
0     00000050  cinit                           
0     00008000  .text                           
0     00008000  ___text__                       
0     00008000  _pi_current_control             
0     00008082  _pi_position_control            
0     000080d4  _pi_speed_control               
0     00008126  _pi_torque_control              
0     00008181  _init_system                    
0     000081a8  _init_i2c                       
0     000081cd  _init_ina3221                   
0     000081e5  _init_eqep                      
0     000081fc  _init_pwm                       
0     00008242  _svgen_pwm                      
0     000082f6  _read_currents                  
0     0000839d  _clarke_transform               
0     000083c0  _park_transform                 
0     000083f9  _inv_park_transform             
0     0000842f  FS$$DIV                         
0     000084b7  FD$$MPY                         
0     0000853a  _read_encoder                   
0     000085b0  _c_int00                        
0     00008606  _timer0_isr                     
0     00008659  _toggle_led                     
0     00008687  __IQsgn                         
0     0000869e  C$$EXIT                         
0     0000869e  _abort                          
0     000086a0  _exit                           
0     000086c7  _copy_in                        
0     000086eb  _main                           
0     0000870a  FD$$TOL                         
0     00008729  _memcpy                         
0     00008746  FS$$TOFD                        
0     00008762  UL$$TOFD                        
0     00008778  __args_main                     
0     0000878a  __register_unlock               
0     0000878e  __register_lock                 
0     00008792  __nop                           
0     00008793  __system_pre_init               
0     00008795  __system_post_cinit             
0     00008796  ___etext__                      
0     00008796  etext                           
1     00000400  __stack                         
1     00000700  __STACK_END                     
1     0000a000  _led_state                      
1     0000a001  _control_mode                   
1     0000a002  _Id_ref                         
1     0000a004  _Iq_ref                         
1     0000a006  _speed_ref                      
1     0000a008  _pos_ref                        
1     0000a00a  _torque_ref                     
1     0000a00c  _theta_e                        
1     0000a00e  _pos                            
1     0000a010  _speed                          
1     0000a012  _Ia                             
1     0000a014  _Ib                             
1     0000a016  _Ialpha                         
1     0000a018  _Ibeta                          
1     0000a01a  _Id                             
1     0000a01c  _Iq                             
1     0000a01e  _Vd                             
1     0000a020  _Vq                             
1     0000a022  _Valpha                         
1     0000a024  _Vbeta                          
1     0000a026  _encoder_pos                    
1     0000a028  _loop_count                     
1     0000a034  ___TI_enable_exit_profile_output
1     0000a036  ___TI_cleanup_ptr               
1     0000a038  ___TI_dtors_ptr                 
1     0000a03a  __lock                          
1     0000a03c  __unlock                        
1     0000a03e  _i2c_buffer                     
abs   00000300  __STACK_SIZE                    
abs   ffffffff  ___TI_pprof_out_hndl            
abs   ffffffff  ___TI_prof_data_size            
abs   ffffffff  ___TI_prof_data_start           
abs   ffffffff  ___binit__                      
abs   ffffffff  ___c_args__                     
abs   ffffffff  ___pinit__                      
abs   ffffffff  binit                           
abs   ffffffff  pinit                           
n/a   UNDEFED   _ConfigCpuTimer                 
n/a   UNDEFED   _CpuTimer0                      
n/a   UNDEFED   _CpuTimer0Regs                  
n/a   UNDEFED   _EPwm1Regs                      
n/a   UNDEFED   _EPwm2Regs                      
n/a   UNDEFED   _EQep1Regs                      
n/a   UNDEFED   _GpioCtrlRegs                   
n/a   UNDEFED   _GpioDataRegs                   
n/a   UNDEFED   _I2caRegs                       
n/a   UNDEFED   _InitCpuTimers                  
n/a   UNDEFED   _InitEPwm1Gpio                  
n/a   UNDEFED   _InitEPwm2Gpio                  
n/a   UNDEFED   _InitEQep1Gpio                  
n/a   UNDEFED   _InitPieCtrl                    
n/a   UNDEFED   _InitPieVectTable               
n/a   UNDEFED   _InitSysCtrl                    
n/a   UNDEFED   _PieCtrlRegs                    
n/a   UNDEFED   _PieVectTable                   
n/a   UNDEFED   _SysCtrlRegs                    
n/a   UNDEFED   __IQ24cos                       
n/a   UNDEFED   __IQ24sin                       
n/a   UNDEFED   __IQ24toF                       
n/a   UNDEFED   _last_pos                       

[104 symbols]
